[34m[1mwandb[0m: Initializing weave.
[36m[1mweave[0m: Logged in as Weights & Biases user: jungseonglian.
[36m[1mweave[0m: View Weave data at https://wandb.ai/uailab-unist_/library-qa-finetune/weave
2026-02-15 15:31:29 - INFO - [model_utils.py:29] - üìÇ Î°úÏª¨ Î™®Îç∏ÏùÑ Î∞úÍ≤¨ÌñàÏäµÎãàÎã§: /home/vsc/LLM/model/Exaone-3.5-2.4B-Instruct
2026-02-15 15:31:29 - INFO - [model_utils.py:32] - üöÄ Î™®Îç∏ Î°úÎî© Ï§ë...
`torch_dtype` is deprecated! Use `dtype` instead!
/home/vsc/LLM_TUNE/QA-FineTune/ÎèÑÏÑúÍ¥Ä_QA_Finetune/.venv/lib/python3.12/site-packages/torch/cuda/__init__.py:435: UserWarning:
    Found GPU0 NVIDIA GB10 which is of cuda capability 12.1.
    Minimum and Maximum cuda capability supported by this version of PyTorch is
    (8.0) - (12.0)

  queued_call()
Loading weights: 100%|‚ñà‚ñà‚ñà‚ñà‚ñà‚ñà‚ñà‚ñà‚ñà‚ñà‚ñà‚ñà‚ñà‚ñà‚ñà‚ñà‚ñà‚ñà‚ñà‚ñà‚ñà‚ñà‚ñà‚ñà‚ñà‚ñà‚ñà‚ñà‚ñà‚ñà‚ñà‚ñà‚ñà‚ñà‚ñà‚ñà‚ñà‚ñà‚ñà‚ñà‚ñà‚ñà‚ñà‚ñà‚ñà‚ñà‚ñà‚ñà‚ñà‚ñà‚ñà‚ñà‚ñà‚ñà‚ñà‚ñà‚ñà‚ñà‚ñà‚ñà‚ñà‚ñà‚ñà‚ñà‚ñà‚ñà‚ñà‚ñà‚ñà‚ñà‚ñà‚ñà‚ñà‚ñà‚ñà‚ñà‚ñà‚ñà‚ñà‚ñà‚ñà‚ñà‚ñà‚ñà‚ñà‚ñà‚ñà‚ñà‚ñà‚ñà‚ñà‚ñà‚ñà‚ñà‚ñà‚ñà‚ñà‚ñà‚ñà‚ñà‚ñà‚ñà‚ñà‚ñà‚ñà‚ñà‚ñà‚ñà‚ñà‚ñà‚ñà‚ñà‚ñà‚ñà‚ñà‚ñà‚ñà‚ñà‚ñà‚ñà‚ñà‚ñà‚ñà‚ñà‚ñà‚ñà‚ñà‚ñà‚ñà‚ñà‚ñà‚ñà‚ñà‚ñà‚ñà‚ñà‚ñà‚ñà‚ñà‚ñà‚ñà‚ñà‚ñà‚ñà‚ñà‚ñà‚ñà‚ñà‚ñà‚ñà‚ñà‚ñà‚ñà‚ñà‚ñà‚ñà‚ñà‚ñà‚ñà‚ñà‚ñà‚ñà‚ñà‚ñà‚ñà‚ñà‚ñà‚ñà‚ñà‚ñà‚ñà‚ñà‚ñà‚ñà‚ñà‚ñà‚ñà‚ñà‚ñà‚ñà‚ñà‚ñà‚ñà‚ñà‚ñà‚ñà‚ñà‚ñà‚ñà‚ñà‚ñà‚ñà‚ñà‚ñà‚ñà‚ñà‚ñà‚ñà‚ñà‚ñà‚ñà‚ñà‚ñà‚ñà‚ñà‚ñà‚ñà‚ñà‚ñà‚ñà‚ñà‚ñà‚ñà‚ñà‚ñà‚ñà‚ñà‚ñà‚ñà‚ñà‚ñà‚ñà‚ñà‚ñà‚ñà‚ñà‚ñà‚ñà‚ñà‚ñà‚ñà‚ñà‚ñà‚ñà‚ñà‚ñà‚ñà‚ñà‚ñà‚ñà‚ñà‚ñà‚ñà‚ñà‚ñà‚ñà‚ñà‚ñà‚ñà‚ñà| 272/272 [00:00<00:00, 575.06it/s, Materializing param=transformer.wte.weight]
2026-02-15 15:31:32 - INFO - [data_augmentor.py:239] - üöÄ [Step 1] Ï¥àÍ∏∞ Îç∞Ïù¥ÌÑ∞ ÏÉùÏÑ± ÏãúÏûë...
Initial Gen (Rank 0):   0%|                                                                                                                                                                                                                                                                                                            | 0/110 [00:00<?, ?it/s]
2026-02-15 15:31:32 - INFO - [data_augmentor.py:140] - {'input_ids': tensor([[  420,   453, 47982,  ...,  8659,   453,   422]], device='cuda:0'), 'attention_mask': tensor([[1, 1, 1,  ..., 1, 1, 1]], device='cuda:0')}
2026-02-15 15:31:32 - ERROR - [data_augmentor.py:229] - üí• ÏπòÎ™ÖÏ†Å ÏóêÎü¨ Î∞úÏÉù (idx: 0):
2026-02-15 15:31:32 - ERROR - [data_augmentor.py:230] - Traceback (most recent call last):
  File "/home/vsc/LLM_TUNE/QA-FineTune/ÎèÑÏÑúÍ¥Ä_QA_Finetune/.venv/lib/python3.12/site-packages/transformers/tokenization_utils_base.py", line 275, in __getattr__
    return self.data[item]
           ~~~~~~~~~^^^^^^
KeyError: 'ne'

During handling of the above exception, another exception occurred:

Traceback (most recent call last):
  File "/home/vsc/LLM_TUNE/QA-FineTune/ÎèÑÏÑúÍ¥Ä_QA_Finetune/final/infer/data_augmentor.py", line 205, in _run_generation_loop
    result = self.generate_samples(idx, faq_context)
             ^^^^^^^^^^^^^^^^^^^^^^^^^^^^^^^^^^^^^^^
  File "/home/vsc/LLM_TUNE/QA-FineTune/ÎèÑÏÑúÍ¥Ä_QA_Finetune/.venv/lib/python3.12/site-packages/weave/trace/op.py", line 1278, in wrapper
    res, _ = _call_sync_func(
             ^^^^^^^^^^^^^^^^
  File "/home/vsc/LLM_TUNE/QA-FineTune/ÎèÑÏÑúÍ¥Ä_QA_Finetune/.venv/lib/python3.12/site-packages/weave/trace/op.py", line 543, in _call_sync_func
    res = func(*args, **kwargs)
          ^^^^^^^^^^^^^^^^^^^^^
  File "/home/vsc/LLM_TUNE/QA-FineTune/ÎèÑÏÑúÍ¥Ä_QA_Finetune/final/infer/data_augmentor.py", line 180, in generate_samples
    return self._run_model_generate(messages, self.config.NUM_RETURN_SEQUENCES)
           ^^^^^^^^^^^^^^^^^^^^^^^^^^^^^^^^^^^^^^^^^^^^^^^^^^^^^^^^^^^^^^^^^^^^
  File "/home/vsc/LLM_TUNE/QA-FineTune/ÎèÑÏÑúÍ¥Ä_QA_Finetune/final/infer/data_augmentor.py", line 143, in _run_model_generate
    attention_mask = input_ids.ne(self.tokenizer.pad_token_id).long()
                     ^^^^^^^^^^^^
  File "/home/vsc/LLM_TUNE/QA-FineTune/ÎèÑÏÑúÍ¥Ä_QA_Finetune/.venv/lib/python3.12/site-packages/transformers/tokenization_utils_base.py", line 277, in __getattr__
    raise AttributeError
AttributeError
Traceback (most recent call last):
  File "/home/vsc/LLM_TUNE/QA-FineTune/ÎèÑÏÑúÍ¥Ä_QA_Finetune/.venv/lib/python3.12/site-packages/transformers/tokenization_utils_base.py", line 275, in __getattr__
    return self.data[item]
           ~~~~~~~~~^^^^^^
KeyError: 'ne'

During handling of the above exception, another exception occurred:

Traceback (most recent call last):
  File "/home/vsc/LLM_TUNE/QA-FineTune/ÎèÑÏÑúÍ¥Ä_QA_Finetune/final/infer/main.py", line 46, in <module>
    main()
  File "/home/vsc/LLM_TUNE/QA-FineTune/ÎèÑÏÑúÍ¥Ä_QA_Finetune/final/infer/main.py", line 36, in main
    output_file = augmentor.run_pipeline(dataset)
                  ^^^^^^^^^^^^^^^^^^^^^^^^^^^^^^^
  File "/home/vsc/LLM_TUNE/QA-FineTune/ÎèÑÏÑúÍ¥Ä_QA_Finetune/final/infer/data_augmentor.py", line 247, in run_pipeline
    self._run_generation_loop(my_items, output_file, mode="initial")
  File "/home/vsc/LLM_TUNE/QA-FineTune/ÎèÑÏÑúÍ¥Ä_QA_Finetune/final/infer/data_augmentor.py", line 233, in _run_generation_loop
    raise e
  File "/home/vsc/LLM_TUNE/QA-FineTune/ÎèÑÏÑúÍ¥Ä_QA_Finetune/final/infer/data_augmentor.py", line 205, in _run_generation_loop
    result = self.generate_samples(idx, faq_context)
             ^^^^^^^^^^^^^^^^^^^^^^^^^^^^^^^^^^^^^^^
  File "/home/vsc/LLM_TUNE/QA-FineTune/ÎèÑÏÑúÍ¥Ä_QA_Finetune/.venv/lib/python3.12/site-packages/weave/trace/op.py", line 1278, in wrapper
    res, _ = _call_sync_func(
             ^^^^^^^^^^^^^^^^
  File "/home/vsc/LLM_TUNE/QA-FineTune/ÎèÑÏÑúÍ¥Ä_QA_Finetune/.venv/lib/python3.12/site-packages/weave/trace/op.py", line 543, in _call_sync_func
    res = func(*args, **kwargs)
          ^^^^^^^^^^^^^^^^^^^^^
  File "/home/vsc/LLM_TUNE/QA-FineTune/ÎèÑÏÑúÍ¥Ä_QA_Finetune/final/infer/data_augmentor.py", line 180, in generate_samples
    return self._run_model_generate(messages, self.config.NUM_RETURN_SEQUENCES)
           ^^^^^^^^^^^^^^^^^^^^^^^^^^^^^^^^^^^^^^^^^^^^^^^^^^^^^^^^^^^^^^^^^^^^
  File "/home/vsc/LLM_TUNE/QA-FineTune/ÎèÑÏÑúÍ¥Ä_QA_Finetune/final/infer/data_augmentor.py", line 143, in _run_model_generate
    attention_mask = input_ids.ne(self.tokenizer.pad_token_id).long()
                     ^^^^^^^^^^^^
  File "/home/vsc/LLM_TUNE/QA-FineTune/ÎèÑÏÑúÍ¥Ä_QA_Finetune/.venv/lib/python3.12/site-packages/transformers/tokenization_utils_base.py", line 277, in __getattr__
    raise AttributeError
AttributeError
[36m[1mweave[0m: üç© https://wandb.ai/uailab-unist_/library-qa-finetune/r/call/019c5fff-4b2c-7b5d-9fff-a9f74a9a38f6
